





  
    
      Great Expectations by Charles Dickens (1867)
    
  

  
    
      Moby Dick; Or, The Whale by Herman Melville (1851)
    
  

  
    
      The Oak Ridge ALGOL Compiler for the Control Data Corporation 1604 Preliminary Programmer's Manual (1964)
    
  

  
    
      Leaves of Grass by Walt Whitman (1855)
    
  

  

  
    
      The Adventures of Sherlock Holmes by Arthur Conan Doyle (1892)
    
  

  
    
      Practical Grammar and Composition by Thomas Wood (1910)
    
  

  
    
      The Elements of Style by William Strunk (1918)